Component: ARM Compiler 5.06 update 6 (build 750) Tool: armlink [4d35ed]

==============================================================================

Section Cross References

    startup_stm32l432xx.o(RESET) refers to startup_stm32l432xx.o(STACK) for __initial_sp
    startup_stm32l432xx.o(RESET) refers to startup_stm32l432xx.o(.text) for Reset_Handler
    startup_stm32l432xx.o(RESET) refers to stm32l4xx_it.o(i.NMI_Handler) for NMI_Handler
    startup_stm32l432xx.o(RESET) refers to stm32l4xx_it.o(i.HardFault_Handler) for HardFault_Handler
    startup_stm32l432xx.o(RESET) refers to stm32l4xx_it.o(i.MemManage_Handler) for MemManage_Handler
    startup_stm32l432xx.o(RESET) refers to stm32l4xx_it.o(i.BusFault_Handler) for BusFault_Handler
    startup_stm32l432xx.o(RESET) refers to stm32l4xx_it.o(i.UsageFault_Handler) for UsageFault_Handler
    startup_stm32l432xx.o(RESET) refers to stm32l4xx_it.o(i.SVC_Handler) for SVC_Handler
    startup_stm32l432xx.o(RESET) refers to stm32l4xx_it.o(i.DebugMon_Handler) for DebugMon_Handler
    startup_stm32l432xx.o(RESET) refers to stm32l4xx_it.o(i.PendSV_Handler) for PendSV_Handler
    startup_stm32l432xx.o(RESET) refers to stm32l4xx_it.o(i.SysTick_Handler) for SysTick_Handler
    startup_stm32l432xx.o(RESET) refers to stm32l4xx_it.o(i.ADC1_IRQHandler) for ADC1_IRQHandler
    startup_stm32l432xx.o(RESET) refers to stm32l4xx_it.o(i.TIM1_BRK_TIM15_IRQHandler) for TIM1_BRK_TIM15_IRQHandler
    startup_stm32l432xx.o(RESET) refers to stm32l4xx_it.o(i.USART2_IRQHandler) for USART2_IRQHandler
    startup_stm32l432xx.o(.text) refers to system_stm32l4xx.o(i.SystemInit) for SystemInit
    startup_stm32l432xx.o(.text) refers to entry.o(.ARM.Collect$$$$00000000) for __main
    network.o(i.ai_network_create) refers to ai_platform_interface.o(i.ai_platform_network_create) for ai_platform_network_create
    network.o(i.ai_network_create) refers to network.o(.data) for .data
    network.o(i.ai_network_destroy) refers to ai_platform_interface.o(i.ai_platform_network_destroy) for ai_platform_network_destroy
    network.o(i.ai_network_forward) refers to ai_platform_interface.o(i.ai_platform_network_process) for ai_platform_network_process
    network.o(i.ai_network_get_error) refers to ai_platform_interface.o(i.ai_platform_network_get_error) for ai_platform_network_get_error
    network.o(i.ai_network_get_info) refers to ai_platform_interface.o(i.ai_platform_context_acquire) for ai_platform_context_acquire
    network.o(i.ai_network_get_info) refers to memcpya.o(.text) for __aeabi_memcpy4
    network.o(i.ai_network_get_info) refers to ai_platform_interface.o(i.ai_platform_runtime_get_revision) for ai_platform_runtime_get_revision
    network.o(i.ai_network_get_info) refers to ai_platform_interface.o(i.ai_platform_runtime_get_version) for ai_platform_runtime_get_version
    network.o(i.ai_network_get_info) refers to ai_platform_interface.o(i.ai_platform_api_get_version) for ai_platform_api_get_version
    network.o(i.ai_network_get_info) refers to ai_platform_interface.o(i.ai_platform_interface_api_get_version) for ai_platform_interface_api_get_version
    network.o(i.ai_network_get_info) refers to ai_platform_interface.o(i.ai_platform_api_get_network_report) for ai_platform_api_get_network_report
    network.o(i.ai_network_get_info) refers to network.o(.constdata) for .constdata
    network.o(i.ai_network_init) refers to ai_platform_interface.o(i.ai_platform_network_init) for ai_platform_network_init
    network.o(i.ai_network_init) refers to network.o(i.network_configure_weights) for network_configure_weights
    network.o(i.ai_network_init) refers to network.o(.data) for .data
    network.o(i.ai_network_run) refers to ai_platform_interface.o(i.ai_platform_network_process) for ai_platform_network_process
    network.o(i.network_configure_weights) refers to network.o(.data) for .data
    network.o(.constdata) refers to network.o(.data) for <Data31>
    network.o(.constdata) refers to network.o(.data) for <Data36>
    network.o(.constdata) refers to network.o(.data) for <Data41>
    network.o(.constdata) refers to network.o(.data) for <Data46>
    network.o(.constdata) refers to network.o(.data) for <Data51>
    network.o(.constdata) refers to network.o(.data) for <Data56>
    network.o(.constdata) refers to network.o(.conststring) for .conststring
    network.o(.data) refers to network.o(.data) for input_0_output
    network.o(.data) refers to network.o(.data) for dense_1_output
    network.o(.data) refers to network.o(.data) for dense_1_weights
    network.o(.data) refers to network.o(.data) for dense_1_bias
    network.o(.data) refers to network.o(.data) for <Data27>
    network.o(.data) refers to network.o(.data) for <Data28>
    network.o(.data) refers to network.o(.data) for <Data29>
    network.o(.data) refers to network.o(.data) for <Data30>
    network.o(.data) refers to network.o(.data) for dense_1_output
    network.o(.data) refers to network.o(.data) for dense_1_nl_output
[...]
    i.nl_func_relu_thresholded_array_f32     0x0800437c   Section        0  layers_nl_generic_float.o(i.nl_func_relu_thresholded_array_f32)
    i.nl_func_sm_array_f32                   0x080043c0   Section        0  layers_nl_generic_float.o(i.nl_func_sm_array_f32)
    i.nl_func_sm_channel_f32                 0x0800440c   Section        0  layers_nl_generic_float.o(i.nl_func_sm_channel_f32)
    .constdata                               0x0800449c   Section        8  network.o(.constdata)
    dense_1_chain                            0x0800449c   Data           8  network.o(.constdata)
    .constdata                               0x080044a4   Section        8  network.o(.constdata)
    dense_1_nl_chain                         0x080044a4   Data           8  network.o(.constdata)
    .constdata                               0x080044ac   Section        8  network.o(.constdata)
    dense_2_chain                            0x080044ac   Data           8  network.o(.constdata)
    .constdata                               0x080044b4   Section        8  network.o(.constdata)
    dense_2_nl_chain                         0x080044b4   Data           8  network.o(.constdata)
    .constdata                               0x080044bc   Section        8  network.o(.constdata)
    dense_3_chain                            0x080044bc   Data           8  network.o(.constdata)
    .constdata                               0x080044c4   Section        8  network.o(.constdata)
    dense_3_nl_chain                         0x080044c4   Data           8  network.o(.constdata)
    .constdata                               0x080044cc   Section     6692  network_data.o(.constdata)
    s_network_weights                        0x080044cc   Data        6692  network_data.o(.constdata)
    .constdata                               0x08005ef0   Section        4  main.o(.constdata)
    .constdata                               0x08005ef4   Section      796  app_x-cube-ai.o(.constdata)
    .constdata                               0x08006210   Section       64  system_stm32l4xx.o(.constdata)
    .constdata                               0x08006250   Section        8  system_stm32l4xx.o(.constdata)
    .constdata                               0x08006258   Section       32  ai_platform_interface.o(.constdata)
    .constdata                               0x08006278   Section       48  expf.o(.constdata)
    twotokover4top                           0x08006278   Data          16  expf.o(.constdata)
    twotokover4bot                           0x08006288   Data          16  expf.o(.constdata)
    twotokover4all                           0x08006298   Data          16  expf.o(.constdata)
    .data                                    0x20000000   Section       16  network.o(.data)
    <Data1>                                  0x20000000   Data          16  network.o(.data)
    .data                                    0x20000010   Section       16  network.o(.data)
    <Data2>                                  0x20000010   Data          16  network.o(.data)
    .data                                    0x20000020   Section       16  network.o(.data)
    <Data3>                                  0x20000020   Data          16  network.o(.data)
    .data                                    0x20000030   Section       16  network.o(.data)
    <Data4>                                  0x20000030   Data          16  network.o(.data)
    .data                                    0x20000040   Section       16  network.o(.data)
    <Data5>                                  0x20000040   Data          16  network.o(.data)
    .data                                    0x20000050   Section       16  network.o(.data)
    <Data6>                                  0x20000050   Data          16  network.o(.data)
    .data                                    0x20000060   Section       16  network.o(.data)
    <Data7>                                  0x20000060   Data          16  network.o(.data)
    .data                                    0x20000070   Section       16  network.o(.data)
    <Data8>                                  0x20000070   Data          16  network.o(.data)
    .data                                    0x20000080   Section       16  network.o(.data)
    <Data9>                                  0x20000080   Data          16  network.o(.data)
    .data                                    0x20000090   Section       16  network.o(.data)
    <Data10>                                 0x20000090   Data          16  network.o(.data)
    .data                                    0x200000a0   Section       16  network.o(.data)
    <Data11>                                 0x200000a0   Data          16  network.o(.data)
    .data                                    0x200000b0   Section       16  network.o(.data)
    <Data12>                                 0x200000b0   Data          16  network.o(.data)
    .data                                    0x200000c0   Section       16  network.o(.data)
    <Data13>                                 0x200000c0   Data          16  network.o(.data)
    .data                                    0x200000d0   Section       16  network.o(.data)
    <Data14>                                 0x200000d0   Data          16  network.o(.data)
    .data                                    0x200000e0   Section       16  network.o(.data)
    <Data15>                                 0x200000e0   Data          16  network.o(.data)
    .data                                    0x200000f0   Section       16  network.o(.data)
    <Data16>                                 0x200000f0   Data          16  network.o(.data)
    .data                                    0x20000100   Section       16  network.o(.data)
    <Data17>                                 0x20000100   Data          16  network.o(.data)
    .data                                    0x20000110   Section       16  network.o(.data)
    <Data18>                                 0x20000110   Data          16  network.o(.data)
    .data                                    0x20000120   Section       16  network.o(.data)
    <Data19>                                 0x20000120   Data          16  network.o(.data)
    .data                                    0x20000130   Section       16  network.o(.data)
    <Data20>                                 0x20000130   Data          16  network.o(.data)
    .data                                    0x20000140   Section       16  network.o(.data)
    <Data21>                                 0x20000140   Data          16  network.o(.data)
    .data                                    0x20000150   Section       16  network.o(.data)
    <Data22>                                 0x20000150   Data          16  network.o(.data)
    .data                                    0x20000160   Section       16  network.o(.data)
    <Data23>                                 0x20000160   Data          16  network.o(.data)
    .data                                    0x20000170   Section       16  network.o(.data)
    <Data24>                                 0x20000170   Data          16  network.o(.data)
    .data                                    0x20000180   Section       16  network.o(.data)
    <Data25>                                 0x20000180   Data          16  network.o(.data)
    .data                                    0x20000190   Section       16  network.o(.data)
    <Data26>                                 0x20000190   Data          16  network.o(.data)
    .data                                    0x200001a0   Section        4  network.o(.data)
    <Data27>                                 0x200001a0   Data           4  network.o(.data)
    .data                                    0x200001a4   Section        4  network.o(.data)
    <Data28>                                 0x200001a4   Data           4  network.o(.data)
    .data                                    0x200001a8   Section        8  network.o(.data)
    <Data29>                                 0x200001a8   Data           8  network.o(.data)
    .data                                    0x200001b0   Section        4  network.o(.data)
    <Data30>                                 0x200001b0   Data           4  network.o(.data)
    .data                                    0x200001b4   Section       48  network.o(.data)
    <Data31>                                 0x200001b4   Data          48  network.o(.data)
    .data                                    0x200001e4   Section        4  network.o(.data)
    <Data32>                                 0x200001e4   Data           4  network.o(.data)
    .data                                    0x200001e8   Section        4  network.o(.data)
    <Data33>                                 0x200001e8   Data           4  network.o(.data)
    .data                                    0x200001ec   Section        4  network.o(.data)
    <Data34>                                 0x200001ec   Data           4  network.o(.data)
    .data                                    0x200001f0   Section        4  network.o(.data)
    <Data35>                                 0x200001f0   Data           4  network.o(.data)
    .data                                    0x200001f4   Section       48  network.o(.data)
    <Data36>                                 0x200001f4   Data          48  network.o(.data)
    .data                                    0x20000224   Section        4  network.o(.data)
    <Data37>                                 0x20000224   Data           4  network.o(.data)
    .data                                    0x20000228   Section        4  network.o(.data)
    <Data38>                                 0x20000228   Data           4  network.o(.data)
    .data                                    0x2000022c   Section        8  network.o(.data)
    <Data39>                                 0x2000022c   Data           8  network.o(.data)
    .data                                    0x20000234   Section        4  network.o(.data)
    <Data40>                                 0x20000234   Data           4  network.o(.data)
    .data                                    0x20000238   Section       48  network.o(.data)
    <Data41>                                 0x20000238   Data          48  network.o(.data)
    .data                                    0x20000268   Section        4  network.o(.data)
    <Data42>                                 0x20000268   Data           4  network.o(.data)
    .data                                    0x2000026c   Section        4  network.o(.data)
    <Data43>                                 0x2000026c   Data           4  network.o(.data)
    .data                                    0x20000270   Section        4  network.o(.data)
    <Data44>                                 0x20000270   Data           4  network.o(.data)
    .data                                    0x20000274   Section        4  network.o(.data)
    <Data45>                                 0x20000274   Data           4  network.o(.data)
    .data                                    0x20000278   Section       48  network.o(.data)
    <Data46>                                 0x20000278   Data          48  network.o(.data)
    .data                                    0x200002a8   Section        4  network.o(.data)
    <Data47>                                 0x200002a8   Data           4  network.o(.data)
    .data                                    0x200002ac   Section        4  network.o(.data)
    <Data48>                                 0x200002ac   Data           4  network.o(.data)
    .data                                    0x200002b0   Section        8  network.o(.data)
    <Data49>                                 0x200002b0   Data           8  network.o(.data)
    .data                                    0x200002b8   Section        4  network.o(.data)
    <Data50>                                 0x200002b8   Data           4  network.o(.data)
    .data                                    0x200002bc   Section       48  network.o(.data)
    <Data51>                                 0x200002bc   Data          48  network.o(.data)
    .data                                    0x200002ec   Section        4  network.o(.data)
    <Data52>                                 0x200002ec   Data           4  network.o(.data)
    .data                                    0x200002f0   Section        4  network.o(.data)
    <Data53>                                 0x200002f0   Data           4  network.o(.data)
    .data                                    0x200002f4   Section        4  network.o(.data)
    <Data54>                                 0x200002f4   Data           4  network.o(.data)
    .data                                    0x200002f8   Section        4  network.o(.data)
    <Data55>                                 0x200002f8   Data           4  network.o(.data)
    .data                                    0x200002fc   Section       48  network.o(.data)
    <Data56>                                 0x200002fc   Data          48  network.o(.data)
    .data                                    0x2000032c   Section        4  network.o(.data)
    <Data57>                                 0x2000032c   Data           4  network.o(.data)
    .data                                    0x20000330   Section        8  network.o(.data)
    <Data60>                                 0x20000330   Data           8  network.o(.data)
    .data                                    0x20000338   Section       12  network.o(.data)
    <Data61>                                 0x20000338   Data          12  network.o(.data)
    .data                                    0x20000344   Section        4  network.o(.data)
    <Data62>                                 0x20000344   Data           4  network.o(.data)
    .data                                    0x20000348   Section        8  network.o(.data)
    <Data65>                                 0x20000348   Data           8  network.o(.data)
    .data                                    0x20000350   Section       12  network.o(.data)
    <Data66>                                 0x20000350   Data          12  network.o(.data)
    .data                                    0x2000035c   Section       24  network.o(.data)
    <Data67>                                 0x2000035c   Data          24  network.o(.data)
    .data                                    0x20000374   Section      296  network.o(.data)
    dense_3_bias_array                       0x20000374   Data          16  network.o(.data)
    dense_3_weights_array                    0x20000384   Data          16  network.o(.data)
    dense_2_bias_array                       0x20000394   Data          16  network.o(.data)
    dense_2_weights_array                    0x200003a4   Data          16  network.o(.data)
    dense_1_bias_array                       0x200003b4   Data          16  network.o(.data)
    dense_1_weights_array                    0x200003c4   Data          16  network.o(.data)
    input_0_output_array                     0x200003d4   Data          16  network.o(.data)
    dense_1_output_array                     0x200003e4   Data          16  network.o(.data)
    dense_1_nl_output_array                  0x200003f4   Data          16  network.o(.data)
    dense_2_output_array                     0x20000404   Data          16  network.o(.data)
    dense_2_nl_output_array                  0x20000414   Data          16  network.o(.data)
    dense_3_output_array                     0x20000424   Data          16  network.o(.data)
    dense_3_nl_output_array                  0x20000434   Data          16  network.o(.data)
    g_network                                0x20000444   Data          88  network.o(.data)
    .data                                    0x2000049c   Section       28  network.o(.data)
    dense_3_bias                             0x2000049c   Data          28  network.o(.data)
    .data                                    0x200004b8   Section       28  network.o(.data)
    dense_3_weights                          0x200004b8   Data          28  network.o(.data)
    .data                                    0x200004d4   Section       28  network.o(.data)
    dense_2_bias                             0x200004d4   Data          28  network.o(.data)
    .data                                    0x200004f0   Section       28  network.o(.data)
    dense_2_weights                          0x200004f0   Data          28  network.o(.data)
    .data                                    0x2000050c   Section       28  network.o(.data)
    dense_1_bias                             0x2000050c   Data          28  network.o(.data)
    .data                                    0x20000528   Section       28  network.o(.data)
    dense_1_weights                          0x20000528   Data          28  network.o(.data)
    .data                                    0x20000544   Section       28  network.o(.data)
    input_0_output                           0x20000544   Data          28  network.o(.data)
    .data                                    0x20000560   Section       28  network.o(.data)
    dense_1_output                           0x20000560   Data          28  network.o(.data)
    .data                                    0x2000057c   Section       28  network.o(.data)
    dense_1_nl_output                        0x2000057c   Data          28  network.o(.data)
    .data                                    0x20000598   Section       28  network.o(.data)
    dense_2_output                           0x20000598   Data          28  network.o(.data)
    .data                                    0x200005b4   Section       28  network.o(.data)
    dense_2_nl_output                        0x200005b4   Data          28  network.o(.data)
    .data                                    0x200005d0   Section       28  network.o(.data)
    dense_3_output                           0x200005d0   Data          28  network.o(.data)
    .data                                    0x200005ec   Section       28  network.o(.data)
    dense_3_nl_output                        0x200005ec   Data          28  network.o(.data)
    .data                                    0x20000608   Section       24  network.o(.data)
    dense_1_layer                            0x20000608   Data          24  network.o(.data)
    .data                                    0x20000620   Section       28  network.o(.data)
    dense_1_nl_layer                         0x20000620   Data          28  network.o(.data)
    .data                                    0x2000063c   Section       24  network.o(.data)
    dense_2_layer                            0x2000063c   Data          24  network.o(.data)
    .data                                    0x20000654   Section       28  network.o(.data)
    dense_2_nl_layer                         0x20000654   Data          28  network.o(.data)
    .data                                    0x20000670   Section       24  network.o(.data)
    dense_3_layer                            0x20000670   Data          24  network.o(.data)
    .data                                    0x20000688   Section       28  network.o(.data)
    dense_3_nl_layer                         0x20000688   Data          28  network.o(.data)
    .data                                    0x200006a4   Section       16  main.o(.data)
    .data                                    0x200006b4   Section       52  app_x-cube-ai.o(.data)
    network                                  0x200006b4   Data           4  app_x-cube-ai.o(.data)
    ai_input                                 0x200006b8   Data          24  app_x-cube-ai.o(.data)
    ai_output                                0x200006d0   Data          24  app_x-cube-ai.o(.data)
    .data                                    0x200006e8   Section       12  stm32l4xx_hal.o(.data)
    .data                                    0x200006f4   Section        4  system_stm32l4xx.o(.data)
    .data                                    0x200006f8   Section        4  errno.o(.data)
    _errno                                   0x200006f8   Data           4  errno.o(.data)
    .bss                                     0x200006fc   Section       24  network.o(.bss)
    <Data58>                                 0x200006fc   Data          24  network.o(.bss)
    .bss                                     0x20000714   Section       16  network.o(.bss)
    <Data59>                                 0x20000714   Data          16  network.o(.bss)
    .bss                                     0x20000724   Section       24  network.o(.bss)
    <Data63>                                 0x20000724   Data          24  network.o(.bss)
    .bss                                     0x2000073c   Section       16  network.o(.bss)
    <Data64>                                 0x2000073c   Data          16  network.o(.bss)
    .bss                                     0x2000074c   Section     1176  main.o(.bss)
    .bss                                     0x20000be4   Section     1168  app_x-cube-ai.o(.bss)
    activations                              0x20000be4   Data         400  app_x-cube-ai.o(.bss)
    in_data                                  0x20000d74   Data         748  app_x-cube-ai.o(.bss)
    out_data                                 0x20001060   Data          20  app_x-cube-ai.o(.bss)
    STACK                                    0x20001078   Section    16384  startup_stm32l432xx.o(STACK)

    Global Symbols

    Symbol Name                              Value     Ov Type        Size  Object(Section)

    BuildAttributes$$THM_ISAv4$E$P$D$K$B$S$7EM$VFPi3$EXTD16$VFPS$VFMA$PE$A:L22UL41UL21$X:L11$S22US41US21$IEEE1$IW$USESV6$~STKCKD$USESV7$~SHL$OTIME$ROPI$IEEEX$EBA8$MICROLIB$REQ8$PRES8$EABIv2 0x00000000   Number         0  anon$$obj.o ABSOLUTE
    __ARM_use_no_argv                        0x00000000   Number         0  main.o ABSOLUTE
    _printf_a                                0x00000000   Number         0  stubs.o ABSOLUTE
    _printf_c                                0x00000000   Number         0  stubs.o ABSOLUTE
    _printf_charcount                        0x00000000   Number         0  stubs.o ABSOLUTE
    _printf_d                                0x00000000   Number         0  stubs.o ABSOLUTE
    _printf_e                                0x00000000   Number         0  stubs.o ABSOLUTE
    _printf_f                                0x00000000   Number         0  stubs.o ABSOLUTE
    _printf_flags                            0x00000000   Number         0  stubs.o ABSOLUTE
    _printf_fp_dec                           0x00000000   Number         0  stubs.o ABSOLUTE
    _printf_fp_hex                           0x00000000   Number         0  stubs.o ABSOLUTE
    _printf_g                                0x00000000   Number         0  stubs.o ABSOLUTE
    _printf_i                                0x00000000   Number         0  stubs.o ABSOLUTE
    _printf_int_dec                          0x00000000   Number         0  stubs.o ABSOLUTE
    _printf_l                                0x00000000   Number         0  stubs.o ABSOLUTE
    _printf_lc                               0x00000000   Number         0  stubs.o ABSOLUTE
    _printf_ll                               0x00000000   Number         0  stubs.o ABSOLUTE
    _printf_lld                              0x00000000   Number         0  stubs.o ABSOLUTE
    _printf_lli                              0x00000000   Number         0  stubs.o ABSOLUTE
    _printf_llo                              0x00000000   Number         0  stubs.o ABSOLUTE
    _printf_llu                              0x00000000   Number         0  stubs.o ABSOLUTE
    _printf_llx                              0x00000000   Number         0  stubs.o ABSOLUTE
    _printf_longlong_dec                     0x00000000   Number         0  stubs.o ABSOLUTE
    _printf_longlong_hex                     0x00000000   Number         0  stubs.o ABSOLUTE
    _printf_longlong_oct                     0x00000000   Number         0  stubs.o ABSOLUTE
    _printf_ls                               0x00000000   Number         0  stubs.o ABSOLUTE
    _printf_mbtowc                           0x00000000   Number         0  stubs.o ABSOLUTE
    _printf_n                                0x00000000   Number         0  stubs.o ABSOLUTE
    _printf_o                                0x00000000   Number         0  stubs.o ABSOLUTE
    _printf_p                                0x00000000   Number         0  stubs.o ABSOLUTE
    _printf_percent                          0x00000000   Number         0  stubs.o ABSOLUTE
    _printf_pre_padding                      0x00000000   Number         0  stubs.o ABSOLUTE
    _printf_return_value                     0x00000000   Number         0  stubs.o ABSOLUTE
    _printf_s                                0x00000000   Number         0  stubs.o ABSOLUTE
    _printf_sizespec                         0x00000000   Number         0  stubs.o ABSOLUTE
    _printf_str                              0x00000000   Number         0  stubs.o ABSOLUTE
    _printf_truncate_signed                  0x00000000   Number         0  stubs.o ABSOLUTE
    _printf_truncate_unsigned                0x00000000   Number         0  stubs.o ABSOLUTE
    _printf_u                                0x00000000   Number         0  stubs.o ABSOLUTE
    _printf_wc                               0x00000000   Number         0  stubs.o ABSOLUTE
    _printf_wctomb                           0x00000000   Number         0  stubs.o ABSOLUTE
    _printf_widthprec                        0x00000000   Number         0  stubs.o ABSOLUTE
    _printf_x                                0x00000000   Number         0  stubs.o ABSOLUTE
    __cpp_initialize__aeabi_                  - Undefined Weak Reference
    __cxa_finalize                            - Undefined Weak Reference
    _clock_init                               - Undefined Weak Reference
    _microlib_exit                            - Undefined Weak Reference
    __Vectors_Size                           0x0000018c   Number         0  startup_stm32l432xx.o ABSOLUTE
    __Vectors                                0x08000000   Data           4  startup_stm32l432xx.o(RESET)
    __Vectors_End                            0x0800018c   Data           0  startup_stm32l432xx.o(RESET)
    __main                                   0x0800018d   Thumb Code     0  entry.o(.ARM.Collect$$$$00000000)
    _main_stk                                0x0800018d   Thumb Code     0  entry2.o(.ARM.Collect$$$$00000001)
    _main_scatterload                        0x08000191   Thumb Code     0  entry5.o(.ARM.Collect$$$$00000004)
    __main_after_scatterload                 0x08000195   Thumb Code     0  entry5.o(.ARM.Collect$$$$00000004)
    _main_clock                              0x08000195   Thumb Code     0  entry7b.o(.ARM.Collect$$$$00000008)
    _main_cpp_init                           0x08000195   Thumb Code     0  entry8b.o(.ARM.Collect$$$$0000000A)
    _main_init                               0x08000195   Thumb Code     0  entry9a.o(.ARM.Collect$$$$0000000B)
    __rt_final_cpp                           0x0800019d   Thumb Code     0  entry10a.o(.ARM.Collect$$$$0000000D)
    __rt_final_exit                          0x0800019d   Thumb Code     0  entry11a.o(.ARM.Collect$$$$0000000F)
    Reset_Handler                            0x080001a1   Thumb Code     8  startup_stm32l432xx.o(.text)
    CAN1_RX0_IRQHandler                      0x080001bb   Thumb Code     0  startup_stm32l432xx.o(.text)
    CAN1_RX1_IRQHandler                      0x080001bb   Thumb Code     0  startup_stm32l432xx.o(.text)
    CAN1_SCE_IRQHandler                      0x080001bb   Thumb Code     0  startup_stm32l432xx.o(.text)
    CAN1_TX_IRQHandler                       0x080001bb   Thumb Code     0  startup_stm32l432xx.o(.text)
    COMP_IRQHandler                          0x080001bb   Thumb Code     0  startup_stm32l432xx.o(.text)
    CRS_IRQHandler                           0x080001bb   Thumb Code     0  startup_stm32l432xx.o(.text)
    DMA1_Channel1_IRQHandler                 0x080001bb   Thumb Code     0  startup_stm32l432xx.o(.text)
    DMA1_Channel2_IRQHandler                 0x080001bb   Thumb Code     0  startup_stm32l432xx.o(.text)
    DMA1_Channel3_IRQHandler                 0x080001bb   Thumb Code     0  startup_stm32l432xx.o(.text)
    DMA1_Channel4_IRQHandler                 0x080001bb   Thumb Code     0  startup_stm32l432xx.o(.text)
    DMA1_Channel5_IRQHandler                 0x080001bb   Thumb Code     0  startup_stm32l432xx.o(.text)
    DMA1_Channel6_IRQHandler                 0x080001bb   Thumb Code     0  startup_stm32l432xx.o(.text)
    DMA1_Channel7_IRQHandler                 0x080001bb   Thumb Code     0  startup_stm32l432xx.o(.text)
    DMA2_Channel1_IRQHandler                 0x080001bb   Thumb Code     0  startup_stm32l432xx.o(.text)
    DMA2_Channel2_IRQHandler                 0x080001bb   Thumb Code     0  startup_stm32l432xx.o(.text)
    DMA2_Channel3_IRQHandler                 0x080001bb   Thumb Code     0  startup_stm32l432xx.o(.text)
    DMA2_Channel4_IRQHandler                 0x080001bb   Thumb Code     0  startup_stm32l432xx.o(.text)
    DMA2_Channel5_IRQHandler                 0x080001bb   Thumb Code     0  startup_stm32l432xx.o(.text)
    DMA2_Channel6_IRQHandler                 0x080001bb   Thumb Code     0  startup_stm32l432xx.o(.text)
    DMA2_Channel7_IRQHandler                 0x080001bb   Thumb Code     0  startup_stm32l432xx.o(.text)
    EXTI0_IRQHandler                         0x080001bb   Thumb Code     0  startup_stm32l432xx.o(.text)
    EXTI15_10_IRQHandler                     0x080001bb   Thumb Code     0  startup_stm32l432xx.o(.text)
    EXTI1_IRQHandler                         0x080001bb   Thumb Code     0  startup_stm32l432xx.o(.text)
    EXTI2_IRQHandler                         0x080001bb   Thumb Code     0  startup_stm32l432xx.o(.text)
    EXTI3_IRQHandler                         0x080001bb   Thumb Code     0  startup_stm32l432xx.o(.text)
    EXTI4_IRQHandler                         0x080001bb   Thumb Code     0  startup_stm32l432xx.o(.text)
    EXTI9_5_IRQHandler                       0x080001bb   Thumb Code     0  startup_stm32l432xx.o(.text)
    FLASH_IRQHandler                         0x080001bb   Thumb Code     0  startup_stm32l432xx.o(.text)
    FPU_IRQHandler                           0x080001bb   Thumb Code     0  startup_stm32l432xx.o(.text)
    I2C1_ER_IRQHandler                       0x080001bb   Thumb Code     0  startup_stm32l432xx.o(.text)
    I2C1_EV_IRQHandler                       0x080001bb   Thumb Code     0  startup_stm32l432xx.o(.text)
    I2C3_ER_IRQHandler                       0x080001bb   Thumb Code     0  startup_stm32l432xx.o(.text)
    I2C3_EV_IRQHandler                       0x080001bb   Thumb Code     0  startup_stm32l432xx.o(.text)
    LPTIM1_IRQHandler                        0x080001bb   Thumb Code     0  startup_stm32l432xx.o(.text)
    LPTIM2_IRQHandler                        0x080001bb   Thumb Code     0  startup_stm32l432xx.o(.text)
    LPUART1_IRQHandler                       0x080001bb   Thumb Code     0  startup_stm32l432xx.o(.text)
    PVD_PVM_IRQHandler                       0x080001bb   Thumb Code     0  startup_stm32l432xx.o(.text)
    QUADSPI_IRQHandler                       0x080001bb   Thumb Code     0  startup_stm32l432xx.o(.text)
    RCC_IRQHandler                           0x080001bb   Thumb Code     0  startup_stm32l432xx.o(.text)
    RNG_IRQHandler                           0x080001bb   Thumb Code     0  startup_stm32l432xx.o(.text)
    RTC_Alarm_IRQHandler                     0x080001bb   Thumb Code     0  startup_stm32l432xx.o(.text)
    RTC_WKUP_IRQHandler                      0x080001bb   Thumb Code     0  startup_stm32l432xx.o(.text)
    SAI1_IRQHandler                          0x080001bb   Thumb Code     0  startup_stm32l432xx.o(.text)
    SPI1_IRQHandler                          0x080001bb   Thumb Code     0  startup_stm32l432xx.o(.text)
    SPI3_IRQHandler                          0x080001bb   Thumb Code     0  startup_stm32l432xx.o(.text)
    SWPMI1_IRQHandler                        0x080001bb   Thumb Code     0  startup_stm32l432xx.o(.text)
    TAMP_STAMP_IRQHandler                    0x080001bb   Thumb Code     0  startup_stm32l432xx.o(.text)
    TIM1_CC_IRQHandler                       0x080001bb   Thumb Code     0  startup_stm32l432xx.o(.text)
    TIM1_TRG_COM_IRQHandler                  0x080001bb   Thumb Code     0  startup_stm32l432xx.o(.text)
    TIM1_UP_TIM16_IRQHandler                 0x080001bb   Thumb Code     0  startup_stm32l432xx.o(.text)
    TIM2_IRQHandler                          0x080001bb   Thumb Code     0  startup_stm32l432xx.o(.text)
    TIM6_DAC_IRQHandler                      0x080001bb   Thumb Code     0  startup_stm32l432xx.o(.text)
    TIM7_IRQHandler                          0x080001bb   Thumb Code     0  startup_stm32l432xx.o(.text)
    TSC_IRQHandler                           0x080001bb   Thumb Code     0  startup_stm32l432xx.o(.text)
    USART1_IRQHandler                        0x080001bb   Thumb Code     0  startup_stm32l432xx.o(.text)
    USB_IRQHandler                           0x080001bb   Thumb Code     0  startup_stm32l432xx.o(.text)
    WWDG_IRQHandler                          0x080001bb   Thumb Code     0  startup_stm32l432xx.o(.text)
    __aeabi_uldivmod                         0x080001c5   Thumb Code    98  uldiv.o(.text)
    __aeabi_memcpy                           0x0800022d   Thumb Code    36  memcpya.o(.text)
    __aeabi_memcpy4                          0x0800022d   Thumb Code     0  memcpya.o(.text)
    __aeabi_memcpy8                          0x0800022d   Thumb Code     0  memcpya.o(.text)
    __aeabi_memset                           0x08000251   Thumb Code    14  memseta.o(.text)
    __aeabi_memset4                          0x08000251   Thumb Code     0  memseta.o(.text)
    __aeabi_memset8                          0x08000251   Thumb Code     0  memseta.o(.text)
    __aeabi_memclr                           0x0800025f   Thumb Code     4  memseta.o(.text)
    __aeabi_memclr4                          0x0800025f   Thumb Code     0  memseta.o(.text)
    __aeabi_memclr8                          0x0800025f   Thumb Code     0  memseta.o(.text)
    _memset$wrapper                          0x08000263   Thumb Code    18  memseta.o(.text)
    strlen                                   0x08000275   Thumb Code    14  strlen.o(.text)
    memcmp                                   0x08000283   Thumb Code    26  memcmp.o(.text)
    __aeabi_ddiv                             0x0800029d   Thumb Code   222  ddiv.o(.text)
    __aeabi_ui2d                             0x0800037b   Thumb Code    26  dfltui.o(.text)
    __aeabi_d2f                              0x08000395   Thumb Code    56  d2f.o(.text)
    __aeabi_llsl                             0x080003cd   Thumb Code    30  llshl.o(.text)
    _ll_shift_l                              0x080003cd   Thumb Code     0  llshl.o(.text)
    __aeabi_llsr                             0x080003eb   Thumb Code    32  llushr.o(.text)
    _ll_ushift_r                             0x080003eb   Thumb Code     0  llushr.o(.text)
    __I$use$fp                               0x0800040b   Thumb Code     0  iusefp.o(.text)
    _float_round                             0x0800040b   Thumb Code    18  fepilogue.o(.text)
    _float_epilogue                          0x0800041d   Thumb Code    92  fepilogue.o(.text)
    _double_round                            0x08000479   Thumb Code    30  depilogue.o(.text)
    _double_epilogue                         0x08000497   Thumb Code   156  depilogue.o(.text)
    __scatterload                            0x08000535   Thumb Code    28  init.o(.text)
    __scatterload_rt2                        0x08000535   Thumb Code     0  init.o(.text)
    __decompress                             0x08000559   Thumb Code     0  __dczerorl2.o(.text)
    __decompress1                            0x08000559   Thumb Code    86  __dczerorl2.o(.text)
    ADC1_IRQHandler                          0x080005b1   Thumb Code     6  stm32l4xx_it.o(i.ADC1_IRQHandler)
    ADC_ConversionStop                       0x080005bd   Thumb Code   212  stm32l4xx_hal_adc.o(i.ADC_ConversionStop)
    ADC_Disable                              0x08000699   Thumb Code    98  stm32l4xx_hal_adc.o(i.ADC_Disable)
    ADC_Enable                               0x08000701   Thumb Code   100  stm32l4xx_hal_adc.o(i.ADC_Enable)
    BusFault_Handler                         0x08000769   Thumb Code     2  stm32l4xx_it.o(i.BusFault_Handler)
    DebugMon_Handler                         0x080007a5   Thumb Code     2  stm32l4xx_it.o(i.DebugMon_Handler)
    HAL_ADCEx_EndOfSamplingCallback          0x080007a7   Thumb Code     2  stm32l4xx_hal_adc_ex.o(i.HAL_ADCEx_EndOfSamplingCallback)
    HAL_ADCEx_InjectedConvCpltCallback       0x080007a9   Thumb Code     2  stm32l4xx_hal_adc_ex.o(i.HAL_ADCEx_InjectedConvCpltCallback)
    HAL_ADCEx_InjectedQueueOverflowCallback  0x080007ab   Thumb Code     2  stm32l4xx_hal_adc_ex.o(i.HAL_ADCEx_InjectedQueueOverflowCallback)
    HAL_ADCEx_LevelOutOfWindow2Callback      0x080007ad   Thumb Code     2  stm32l4xx_hal_adc_ex.o(i.HAL_ADCEx_LevelOutOfWindow2Callback)
    HAL_ADCEx_LevelOutOfWindow3Callback      0x080007af   Thumb Code     2  stm32l4xx_hal_adc_ex.o(i.HAL_ADCEx_LevelOutOfWindow3Callback)
    HAL_ADC_ConfigChannel                    0x080007b1   Thumb Code   958  stm32l4xx_hal_adc.o(i.HAL_ADC_ConfigChannel)
    HAL_ADC_ConvCpltCallback                 0x08000ba3   Thumb Code     2  main.o(i.HAL_ADC_ConvCpltCallback)
    HAL_ADC_ErrorCallback                    0x08000ba5   Thumb Code     2  stm32l4xx_hal_adc.o(i.HAL_ADC_ErrorCallback)
    HAL_ADC_GetValue                         0x08000ba7   Thumb Code     6  stm32l4xx_hal_adc.o(i.HAL_ADC_GetValue)
    HAL_ADC_IRQHandler                       0x08000bad   Thumb Code   504  stm32l4xx_hal_adc.o(i.HAL_ADC_IRQHandler)
    HAL_ADC_Init                             0x08000da5   Thumb Code   396  stm32l4xx_hal_adc.o(i.HAL_ADC_Init)
    HAL_ADC_LevelOutOfWindowCallback         0x08000f51   Thumb Code     2  stm32l4xx_hal_adc.o(i.HAL_ADC_LevelOutOfWindowCallback)
    HAL_ADC_MspInit                          0x08000f55   Thumb Code    98  stm32l4xx_hal_msp.o(i.HAL_ADC_MspInit)
    HAL_ADC_PollForConversion                0x08000fc1   Thumb Code   168  stm32l4xx_hal_adc.o(i.HAL_ADC_PollForConversion)
    HAL_ADC_Start                            0x08001069   Thumb Code   130  stm32l4xx_hal_adc.o(i.HAL_ADC_Start)
    HAL_ADC_Stop                             0x080010f1   Thumb Code    62  stm32l4xx_hal_adc.o(i.HAL_ADC_Stop)
    HAL_CRCEx_Polynomial_Set                 0x0800112f   Thumb Code    78  stm32l4xx_hal_crc_ex.o(i.HAL_CRCEx_Polynomial_Set)
    HAL_CRC_Init                             0x0800117d   Thumb Code   112  stm32l4xx_hal_crc.o(i.HAL_CRC_Init)
    HAL_CRC_MspInit                          0x080011f1   Thumb Code    30  stm32l4xx_hal_msp.o(i.HAL_CRC_MspInit)
    HAL_DMA_Abort_IT                         0x08001219   Thumb Code    78  stm32l4xx_hal_dma.o(i.HAL_DMA_Abort_IT)
    HAL_GPIO_Init                            0x08001269   Thumb Code   392  stm32l4xx_hal_gpio.o(i.HAL_GPIO_Init)
    HAL_GPIO_WritePin                        0x0800140b   Thumb Code    10  stm32l4xx_hal_gpio.o(i.HAL_GPIO_WritePin)
    HAL_GetTick                              0x08001415   Thumb Code     6  stm32l4xx_hal.o(i.HAL_GetTick)
    HAL_IncTick                              0x08001421   Thumb Code    12  stm32l4xx_hal.o(i.HAL_IncTick)
    HAL_Init                                 0x08001431   Thumb Code    30  stm32l4xx_hal.o(i.HAL_Init)
    HAL_InitTick                             0x08001451   Thumb Code    58  stm32l4xx_hal.o(i.HAL_InitTick)
    HAL_MspInit                              0x08001495   Thumb Code    38  stm32l4xx_hal_msp.o(i.HAL_MspInit)
    HAL_NVIC_EnableIRQ                       0x080014c1   Thumb Code    26  stm32l4xx_hal_cortex.o(i.HAL_NVIC_EnableIRQ)
    HAL_NVIC_SetPriority                     0x080014dd   Thumb Code    60  stm32l4xx_hal_cortex.o(i.HAL_NVIC_SetPriority)
    HAL_NVIC_SetPriorityGrouping             0x0800151d   Thumb Code    26  stm32l4xx_hal_cortex.o(i.HAL_NVIC_SetPriorityGrouping)
    HAL_PWREx_ControlVoltageScaling          0x08001541   Thumb Code    90  stm32l4xx_hal_pwr_ex.o(i.HAL_PWREx_ControlVoltageScaling)
    HAL_PWREx_GetVoltageRange                0x080015a9   Thumb Code    10  stm32l4xx_hal_pwr_ex.o(i.HAL_PWREx_GetVoltageRange)
    HAL_RCCEx_PeriphCLKConfig                0x080015b9   Thumb Code   634  stm32l4xx_hal_rcc_ex.o(i.HAL_RCCEx_PeriphCLKConfig)
    HAL_RCC_ClockConfig                      0x08001845   Thumb Code   266  stm32l4xx_hal_rcc.o(i.HAL_RCC_ClockConfig)
    HAL_RCC_GetPCLK1Freq                     0x08001965   Thumb Code    24  stm32l4xx_hal_rcc.o(i.HAL_RCC_GetPCLK1Freq)
    HAL_RCC_GetPCLK2Freq                     0x08001989   Thumb Code    24  stm32l4xx_hal_rcc.o(i.HAL_RCC_GetPCLK2Freq)
    HAL_RCC_GetSysClockFreq                  0x080019ad   Thumb Code   150  stm32l4xx_hal_rcc.o(i.HAL_RCC_GetSysClockFreq)
    HAL_RCC_OscConfig                        0x08001a51   Thumb Code  1382  stm32l4xx_hal_rcc.o(i.HAL_RCC_OscConfig)
    HAL_SYSTICK_Config                       0x08001fbd   Thumb Code    40  stm32l4xx_hal_cortex.o(i.HAL_SYSTICK_Config)
    HAL_TIMEx_Break2Callback                 0x08001fe5   Thumb Code     2  stm32l4xx_hal_tim_ex.o(i.HAL_TIMEx_Break2Callback)
    HAL_TIMEx_BreakCallback                  0x08001fe7   Thumb Code     2  stm32l4xx_hal_tim_ex.o(i.HAL_TIMEx_BreakCallback)
    HAL_TIMEx_CommutCallback                 0x08001fe9   Thumb Code     2  stm32l4xx_hal_tim_ex.o(i.HAL_TIMEx_CommutCallback)
    HAL_TIMEx_MasterConfigSynchronization    0x08001fed   Thumb Code    98  stm32l4xx_hal_tim_ex.o(i.HAL_TIMEx_MasterConfigSynchronization)
    HAL_TIM_Base_Init                        0x08002059   Thumb Code    54  stm32l4xx_hal_tim.o(i.HAL_TIM_Base_Init)
    HAL_TIM_Base_MspInit                     0x08002091   Thumb Code    50  stm32l4xx_hal_msp.o(i.HAL_TIM_Base_MspInit)
    HAL_TIM_Base_Start_IT                    0x080020cd   Thumb Code    40  stm32l4xx_hal_tim.o(i.HAL_TIM_Base_Start_IT)
    HAL_TIM_ConfigClockSource                0x080020f9   Thumb Code   214  stm32l4xx_hal_tim.o(i.HAL_TIM_ConfigClockSource)
    HAL_TIM_IC_CaptureCallback               0x080021d5   Thumb Code     2  stm32l4xx_hal_tim.o(i.HAL_TIM_IC_CaptureCallback)
    HAL_TIM_IRQHandler                       0x080021d7   Thumb Code   388  stm32l4xx_hal_tim.o(i.HAL_TIM_IRQHandler)
    HAL_TIM_OC_DelayElapsedCallback          0x0800235b   Thumb Code     2  stm32l4xx_hal_tim.o(i.HAL_TIM_OC_DelayElapsedCallback)
    HAL_TIM_PWM_PulseFinishedCallback        0x0800235d   Thumb Code     2  stm32l4xx_hal_tim.o(i.HAL_TIM_PWM_PulseFinishedCallback)
    HAL_TIM_PeriodElapsedCallback            0x08002361   Thumb Code   120  main.o(i.HAL_TIM_PeriodElapsedCallback)
    HAL_TIM_TriggerCallback                  0x080023f5   Thumb Code     2  stm32l4xx_hal_tim.o(i.HAL_TIM_TriggerCallback)
    HAL_UARTEx_WakeupCallback                0x080023f7   Thumb Code     2  stm32l4xx_hal_uart_ex.o(i.HAL_UARTEx_WakeupCallback)
    HAL_UART_ErrorCallback                   0x080023f9   Thumb Code     2  stm32l4xx_hal_uart.o(i.HAL_UART_ErrorCallback)
    HAL_UART_IRQHandler                      0x080023fd   Thumb Code   348  stm32l4xx_hal_uart.o(i.HAL_UART_IRQHandler)
    HAL_UART_Init                            0x0800255d   Thumb Code   102  stm32l4xx_hal_uart.o(i.HAL_UART_Init)
    HAL_UART_MspInit                         0x080025c5   Thumb Code   106  stm32l4xx_hal_msp.o(i.HAL_UART_MspInit)
    HAL_UART_Transmit                        0x08002639   Thumb Code   182  stm32l4xx_hal_uart.o(i.HAL_UART_Transmit)
    HAL_UART_TxCpltCallback                  0x080026ef   Thumb Code     2  stm32l4xx_hal_uart.o(i.HAL_UART_TxCpltCallback)
    HardFault_Handler                        0x080026f1   Thumb Code     2  stm32l4xx_it.o(i.HardFault_Handler)
    MX_X_CUBE_AI_Init                        0x0800283d   Thumb Code     6  app_x-cube-ai.o(i.MX_X_CUBE_AI_Init)
    MX_X_CUBE_AI_Process                     0x08002849   Thumb Code   120  app_x-cube-ai.o(i.MX_X_CUBE_AI_Process)
    MemManage_Handler                        0x080028d5   Thumb Code     2  stm32l4xx_it.o(i.MemManage_Handler)
    NMI_Handler                              0x080028d7   Thumb Code     2  stm32l4xx_it.o(i.NMI_Handler)
    PendSV_Handler                           0x080028d9   Thumb Code     2  stm32l4xx_it.o(i.PendSV_Handler)
    SVC_Handler                              0x08002a85   Thumb Code     2  stm32l4xx_it.o(i.SVC_Handler)
    SysTick_Handler                          0x08002a87   Thumb Code     4  stm32l4xx_it.o(i.SysTick_Handler)
    SystemClock_Config                       0x08002a8b   Thumb Code   150  main.o(i.SystemClock_Config)
    SystemInit                               0x08002b21   Thumb Code    56  system_stm32l4xx.o(i.SystemInit)
    TIM1_BRK_TIM15_IRQHandler                0x08002b65   Thumb Code     6  stm32l4xx_it.o(i.TIM1_BRK_TIM15_IRQHandler)
    TIM_Base_SetConfig                       0x08002b71   Thumb Code    94  stm32l4xx_hal_tim.o(i.TIM_Base_SetConfig)
    TIM_ETR_SetConfig                        0x08002bdd   Thumb Code    20  stm32l4xx_hal_tim.o(i.TIM_ETR_SetConfig)
    UART_AdvFeatureConfig                    0x08002c47   Thumb Code   200  stm32l4xx_hal_uart.o(i.UART_AdvFeatureConfig)
    UART_CheckIdleState                      0x08002d0f   Thumb Code    88  stm32l4xx_hal_uart.o(i.UART_CheckIdleState)
    UART_SetConfig                           0x08002d99   Thumb Code   516  stm32l4xx_hal_uart.o(i.UART_SetConfig)
    UART_WaitOnFlagUntilTimeout              0x08002fc1   Thumb Code   164  stm32l4xx_hal_uart.o(i.UART_WaitOnFlagUntilTimeout)
    USART2_IRQHandler                        0x08003065   Thumb Code     6  stm32l4xx_it.o(i.USART2_IRQHandler)
    UsageFault_Handler                       0x08003071   Thumb Code     2  stm32l4xx_it.o(i.UsageFault_Handler)
    __0sprintf$2                             0x08003075   Thumb Code    34  printf2.o(i.__0sprintf$2)
    __1sprintf$2                             0x08003075   Thumb Code     0  printf2.o(i.__0sprintf$2)
    __2sprintf                               0x08003075   Thumb Code     0  printf2.o(i.__0sprintf$2)
    __ARM_fpclassifyf                        0x0800309d   Thumb Code    38  fpclassifyf.o(i.__ARM_fpclassifyf)
    __hardfp_expf                            0x080030e5   Thumb Code   426  expf.o(i.__hardfp_expf)
    __mathlib_expf                           0x080030e5   Thumb Code     0  expf.o(i.__hardfp_expf)
    __mathlib_flt_infnan                     0x080032cd   Thumb Code     6  funder.o(i.__mathlib_flt_infnan)
    __mathlib_flt_overflow                   0x080032d5   Thumb Code    10  funder.o(i.__mathlib_flt_overflow)
    __mathlib_flt_underflow                  0x080032e5   Thumb Code    10  funder.o(i.__mathlib_flt_underflow)
    __scatterload_copy                       0x080032f5   Thumb Code    14  handlers.o(i.__scatterload_copy)
    __scatterload_null                       0x08003303   Thumb Code     2  handlers.o(i.__scatterload_null)
    __scatterload_zeroinit                   0x08003305   Thumb Code    14  handlers.o(i.__scatterload_zeroinit)
    __set_errno                              0x08003315   Thumb Code     6  errno.o(i.__set_errno)
    aiInit                                   0x0800373d   Thumb Code    82  app_x-cube-ai.o(i.aiInit)
    aiRun                                    0x08003799   Thumb Code    62  app_x-cube-ai.o(i.aiRun)
    ai_array_get_byte_size                   0x080037dd   Thumb Code    62  ai_datatypes_format.o(i.ai_array_get_byte_size)
    ai_array_to_buffer_fmt                   0x0800381d   Thumb Code   198  ai_datatypes_format.o(i.ai_array_to_buffer_fmt)
    ai_check_custom_types                    0x08003905   Thumb Code    38  layers.o(i.ai_check_custom_types)
    ai_dict4_dot_array_f32                   0x08003931   Thumb Code   294  layers_conv2d_generic_float.o(i.ai_dict4_dot_array_f32)
    ai_dict8_dot_array_f32                   0x08003a5d   Thumb Code   228  layers_conv2d_generic_float.o(i.ai_dict8_dot_array_f32)
    ai_layers_forward_all                    0x08003b57   Thumb Code    24  layers.o(i.ai_layers_forward_all)
    ai_network_create                        0x08003b71   Thumb Code    20  network.o(i.ai_network_create)
    ai_network_data_weights_get              0x08003b89   Thumb Code     4  network_data.o(i.ai_network_data_weights_get)
    ai_network_destroy                       0x08003b91   Thumb Code     4  network.o(i.ai_network_destroy)
    ai_network_get_error                     0x08003b95   Thumb Code     4  network.o(i.ai_network_get_error)
    ai_network_init                          0x08003b99   Thumb Code    82  network.o(i.ai_network_init)
    ai_network_run                           0x08003bf1   Thumb Code     4  network.o(i.ai_network_run)
    ai_platform_context_acquire              0x08003bf5   Thumb Code    24  ai_platform_interface.o(i.ai_platform_context_acquire)
    ai_platform_network_create               0x08003c11   Thumb Code    96  ai_platform_interface.o(i.ai_platform_network_create)
    ai_platform_network_destroy              0x08003c81   Thumb Code    18  ai_platform_interface.o(i.ai_platform_network_destroy)
    ai_platform_network_get_error            0x08003c95   Thumb Code    24  ai_platform_interface.o(i.ai_platform_network_get_error)
    ai_platform_network_init                 0x08003cb1   Thumb Code   126  ai_platform_interface.o(i.ai_platform_network_init)
    ai_platform_network_process              0x08003d2f   Thumb Code    86  ai_platform_interface.o(i.ai_platform_network_process)
    ai_platform_network_set_error            0x08003d85   Thumb Code    12  ai_platform_interface.o(i.ai_platform_network_set_error)
    core_get_error                           0x08003dab   Thumb Code    12  core_common.o(i.core_get_error)
    core_init                                0x08003db7   Thumb Code     4  core_common.o(i.core_init)
    core_set_error                           0x08003dbb   Thumb Code    26  core_common.o(i.core_set_error)
    forward_dense                            0x08003dd5   Thumb Code   460  layers_conv2d_generic_float.o(i.forward_dense)
    forward_relu                             0x08003fab   Thumb Code   154  layers_nl_generic_float.o(i.forward_relu)
    forward_sm                               0x08004045   Thumb Code   108  layers_nl_generic_float.o(i.forward_sm)
    main                                     0x080040b1   Thumb Code   228  main.o(i.main)
    nl_func_relu_array_f32                   0x0800427d   Thumb Code    58  layers_nl_generic_float.o(i.nl_func_relu_array_f32)
    nl_func_relu_generic_array_f32           0x080042bd   Thumb Code   186  layers_nl_generic_float.o(i.nl_func_relu_generic_array_f32)
    nl_func_relu_thresholded_array_f32       0x0800437d   Thumb Code    62  layers_nl_generic_float.o(i.nl_func_relu_thresholded_array_f32)
    nl_func_sm_array_f32                     0x080043c1   Thumb Code    76  layers_nl_generic_float.o(i.nl_func_sm_array_f32)
    nl_func_sm_channel_f32                   0x0800440d   Thumb Code   138  layers_nl_generic_float.o(i.nl_func_sm_channel_f32)
    IN_SIZE                                  0x08005ef0   Data           4  main.o(.constdata)
    AHBPrescTable                            0x08006210   Data          16  system_stm32l4xx.o(.constdata)
    MSIRangeTable                            0x08006220   Data          48  system_stm32l4xx.o(.constdata)
    APBPrescTable                            0x08006250   Data           8  system_stm32l4xx.o(.constdata)
    Region$$Table$$Base                      0x080062a8   Number         0  anon$$obj.o(Region$$Table)
    Region$$Table$$Limit                     0x080062c8   Number         0  anon$$obj.o(Region$$Table)
    ready                                    0x200006a4   Data           2  main.o(.data)
    i                                        0x200006a8   Data           4  main.o(.data)
    adcRaw                                   0x200006ac   Data           4  main.o(.data)
    adcValue                                 0x200006b0   Data           4  main.o(.data)
    uwTickPrio                               0x200006e8   Data           4  stm32l4xx_hal.o(.data)
    uwTickFreq                               0x200006ec   Data           4  stm32l4xx_hal.o(.data)
    uwTick                                   0x200006f0   Data           4  stm32l4xx_hal.o(.data)
    SystemCoreClock                          0x200006f4   Data           4  system_stm32l4xx.o(.data)
    hadc1                                    0x2000074c   Data         100  main.o(.bss)
    hcrc                                     0x200007b0   Data          36  main.o(.bss)
    htim15                                   0x200007d4   Data          64  main.o(.bss)
    huart2                                   0x20000814   Data         128  main.o(.bss)
    ecg                                      0x20000894   Data         748  main.o(.bss)
    txData                                   0x20000b80   Data         100  main.o(.bss)
    __initial_sp                             0x20005078   Data           0  startup_stm32l432xx.o(STACK)



==============================================================================

Memory Map of the image

  Image Entry point : 0x0800018d

  Load Region LR_IROM1 (Base: 0x08000000, Size: 0x000069c4, Max: 0x00040000, ABSOLUTE, COMPRESSED[0x000064ec])

    Execution Region ER_IROM1 (Exec base: 0x08000000, Load base: 0x08000000, Size: 0x000062c8, Max: 0x00040000, ABSOLUTE)

    Exec Addr    Load Addr    Size         Type   Attr      Idx    E Section Name        Object

    0x08000000   0x08000000   0x0000018c   Data   RO            3    RESET               startup_stm32l432xx.o
    0x0800018c   0x0800018c   0x00000000   Code   RO         5117  * .ARM.Collect$$$$00000000  mc_w.l(entry.o)
    0x0800018c   0x0800018c   0x00000004   Code   RO         5443    .ARM.Collect$$$$00000001  mc_w.l(entry2.o)
    0x08000190   0x08000190   0x00000004   Code   RO         5446    .ARM.Collect$$$$00000004  mc_w.l(entry5.o)
    0x08000194   0x08000194   0x00000000   Code   RO         5448    .ARM.Collect$$$$00000008  mc_w.l(entry7b.o)
    0x08000194   0x08000194   0x00000000   Code   RO         5450    .ARM.Collect$$$$0000000A  mc_w.l(entry8b.o)
    0x08000194   0x08000194   0x00000008   Code   RO         5451    .ARM.Collect$$$$0000000B  mc_w.l(entry9a.o)
    0x0800019c   0x0800019c   0x00000000   Code   RO         5453    .ARM.Collect$$$$0000000D  mc_w.l(entry10a.o)
    0x0800019c   0x0800019c   0x00000000   Code   RO         5455    .ARM.Collect$$$$0000000F  mc_w.l(entry11a.o)
    0x0800019c   0x0800019c   0x00000004   Code   RO         5444    .ARM.Collect$$$$00002712  mc_w.l(entry2.o)
    0x080001a0   0x080001a0   0x00000024   Code   RO            4    .text               startup_stm32l432xx.o
    0x080001c4   0x080001c4   0x00000068   Code   RO         5120    .text               mc_w.l(uldiv.o)
    0x0800022c   0x0800022c   0x00000024   Code   RO         5122    .text               mc_w.l(memcpya.o)
    0x08000250   0x08000250   0x00000024   Code   RO         5124    .text               mc_w.l(memseta.o)
    0x08000274   0x08000274   0x0000000e   Code   RO         5126    .text               mc_w.l(strlen.o)
    0x08000282   0x08000282   0x0000001a   Code   RO         5128    .text               mc_w.l(memcmp.o)
    0x0800029c   0x0800029c   0x000000de   Code   RO         5393    .text               mf_w.l(ddiv.o)
    0x0800037a   0x0800037a   0x0000001a   Code   RO         5395    .text               mf_w.l(dfltui.o)
    0x08000394   0x08000394   0x00000038   Code   RO         5397    .text               mf_w.l(d2f.o)
    0x080003cc   0x080003cc   0x0000001e   Code   RO         5462    .text               mc_w.l(llshl.o)
    0x080003ea   0x080003ea   0x00000020   Code   RO         5464    .text               mc_w.l(llushr.o)
    0x0800040a   0x0800040a   0x00000000   Code   RO         5473    .text               mc_w.l(iusefp.o)
    0x0800040a   0x0800040a   0x0000006e   Code   RO         5474    .text               mf_w.l(fepilogue.o)
    0x08000478   0x08000478   0x000000ba   Code   RO         5480    .text               mf_w.l(depilogue.o)
    0x08000532   0x08000532   0x00000002   PAD
    0x08000534   0x08000534   0x00000024   Code   RO         5492    .text               mc_w.l(init.o)
    0x08000558   0x08000558   0x00000056   Code   RO         5506    .text               mc_w.l(__dczerorl2.o)
    0x080005ae   0x080005ae   0x00000002   PAD
    0x080005b0   0x080005b0   0x0000000c   Code   RO          528    i.ADC1_IRQHandler   stm32l4xx_it.o
    0x080005bc   0x080005bc   0x000000dc   Code   RO          694    i.ADC_ConversionStop  stm32l4xx_hal_adc.o
    0x08000698   0x08000698   0x00000068   Code   RO          698    i.ADC_Disable       stm32l4xx_hal_adc.o
    0x08000700   0x08000700   0x00000068   Code   RO          699    i.ADC_Enable        stm32l4xx_hal_adc.o
    0x08000768   0x08000768   0x00000002   Code   RO          529    i.BusFault_Handler  stm32l4xx_it.o
    0x0800076a   0x0800076a   0x00000002   PAD
    0x0800076c   0x0800076c   0x00000038   Code   RO         4567    i.CRC_Lock          NetworkRuntime500_CM4_Keil.lib(ai_platform_interface.o)
    0x080007a4   0x080007a4   0x00000002   Code   RO          530    i.DebugMon_Handler  stm32l4xx_it.o
    0x080007a6   0x080007a6   0x00000002   Code   RO          929    i.HAL_ADCEx_EndOfSamplingCallback  stm32l4xx_hal_adc_ex.o
    0x080007a8   0x080007a8   0x00000002   Code   RO          932    i.HAL_ADCEx_InjectedConvCpltCallback  stm32l4xx_hal_adc_ex.o
    0x080007aa   0x080007aa   0x00000002   Code   RO          935    i.HAL_ADCEx_InjectedQueueOverflowCallback  stm32l4xx_hal_adc_ex.o
    0x080007ac   0x080007ac   0x00000002   Code   RO          940    i.HAL_ADCEx_LevelOutOfWindow2Callback  stm32l4xx_hal_adc_ex.o
    0x080007ae   0x080007ae   0x00000002   Code   RO          941    i.HAL_ADCEx_LevelOutOfWindow3Callback  stm32l4xx_hal_adc_ex.o
    0x080007b0   0x080007b0   0x000003f2   Code   RO          701    i.HAL_ADC_ConfigChannel  stm32l4xx_hal_adc.o
    0x08000ba2   0x08000ba2   0x00000002   Code   RO          280    i.HAL_ADC_ConvCpltCallback  main.o
    0x08000ba4   0x08000ba4   0x00000002   Code   RO          705    i.HAL_ADC_ErrorCallback  stm32l4xx_hal_adc.o
    0x08000ba6   0x08000ba6   0x00000006   Code   RO          708    i.HAL_ADC_GetValue  stm32l4xx_hal_adc.o
    0x08000bac   0x08000bac   0x000001f8   Code   RO          709    i.HAL_ADC_IRQHandler  stm32l4xx_hal_adc.o
    0x08000da4   0x08000da4   0x000001ac   Code   RO          710    i.HAL_ADC_Init      stm32l4xx_hal_adc.o
    0x08000f50   0x08000f50   0x00000002   Code   RO          711    i.HAL_ADC_LevelOutOfWindowCallback  stm32l4xx_hal_adc.o
    0x08000f52   0x08000f52   0x00000002   PAD
    0x08000f54   0x08000f54   0x0000006c   Code   RO          623    i.HAL_ADC_MspInit   stm32l4xx_hal_msp.o
    0x08000fc0   0x08000fc0   0x000000a8   Code   RO          714    i.HAL_ADC_PollForConversion  stm32l4xx_hal_adc.o
    0x08001068   0x08001068   0x00000088   Code   RO          716    i.HAL_ADC_Start     stm32l4xx_hal_adc.o
    0x080010f0   0x080010f0   0x0000003e   Code   RO          719    i.HAL_ADC_Stop      stm32l4xx_hal_adc.o
    0x0800112e   0x0800112e   0x0000004e   Code   RO         3102    i.HAL_CRCEx_Polynomial_Set  stm32l4xx_hal_crc_ex.o
    0x0800117c   0x0800117c   0x00000074   Code   RO         3036    i.HAL_CRC_Init      stm32l4xx_hal_crc.o
    0x080011f0   0x080011f0   0x00000028   Code   RO          625    i.HAL_CRC_MspInit   stm32l4xx_hal_msp.o
    0x08001218   0x08001218   0x0000004e   Code   RO         2376    i.HAL_DMA_Abort_IT  stm32l4xx_hal_dma.o
    0x08001266   0x08001266   0x00000002   PAD
    0x08001268   0x08001268   0x000001a2   Code   RO         2311    i.HAL_GPIO_Init     stm32l4xx_hal_gpio.o
    0x0800140a   0x0800140a   0x0000000a   Code   RO         2315    i.HAL_GPIO_WritePin  stm32l4xx_hal_gpio.o
    0x08001414   0x08001414   0x0000000c   Code   RO         1112    i.HAL_GetTick       stm32l4xx_hal.o
    0x08001420   0x08001420   0x00000010   Code   RO         1118    i.HAL_IncTick       stm32l4xx_hal.o
    0x08001430   0x08001430   0x0000001e   Code   RO         1119    i.HAL_Init          stm32l4xx_hal.o
    0x0800144e   0x0800144e   0x00000002   PAD
    0x08001450   0x08001450   0x00000044   Code   RO         1120    i.HAL_InitTick      stm32l4xx_hal.o
    0x08001494   0x08001494   0x0000002c   Code   RO          626    i.HAL_MspInit       stm32l4xx_hal_msp.o
    0x080014c0   0x080014c0   0x0000001a   Code   RO         2828    i.HAL_NVIC_EnableIRQ  stm32l4xx_hal_cortex.o
    0x080014da   0x080014da   0x00000002   PAD
    0x080014dc   0x080014dc   0x00000040   Code   RO         2834    i.HAL_NVIC_SetPriority  stm32l4xx_hal_cortex.o
    0x0800151c   0x0800151c   0x00000024   Code   RO         2835    i.HAL_NVIC_SetPriorityGrouping  stm32l4xx_hal_cortex.o
    0x08001540   0x08001540   0x00000068   Code   RO         2602    i.HAL_PWREx_ControlVoltageScaling  stm32l4xx_hal_pwr_ex.o
    0x080015a8   0x080015a8   0x00000010   Code   RO         2629    i.HAL_PWREx_GetVoltageRange  stm32l4xx_hal_pwr_ex.o
    0x080015b8   0x080015b8   0x0000028a   Code   RO         1944    i.HAL_RCCEx_PeriphCLKConfig  stm32l4xx_hal_rcc_ex.o
    0x08001842   0x08001842   0x00000002   PAD
    0x08001844   0x08001844   0x00000120   Code   RO         1822    i.HAL_RCC_ClockConfig  stm32l4xx_hal_rcc.o
    0x08001964   0x08001964   0x00000024   Code   RO         1828    i.HAL_RCC_GetPCLK1Freq  stm32l4xx_hal_rcc.o
    0x08001988   0x08001988   0x00000024   Code   RO         1829    i.HAL_RCC_GetPCLK2Freq  stm32l4xx_hal_rcc.o
    0x080019ac   0x080019ac   0x000000a4   Code   RO         1830    i.HAL_RCC_GetSysClockFreq  stm32l4xx_hal_rcc.o
    0x08001a50   0x08001a50   0x0000056c   Code   RO         1833    i.HAL_RCC_OscConfig  stm32l4xx_hal_rcc.o
    0x08001fbc   0x08001fbc   0x00000028   Code   RO         2839    i.HAL_SYSTICK_Config  stm32l4xx_hal_cortex.o
    0x08001fe4   0x08001fe4   0x00000002   Code   RO         3823    i.HAL_TIMEx_Break2Callback  stm32l4xx_hal_tim_ex.o
    0x08001fe6   0x08001fe6   0x00000002   Code   RO         3824    i.HAL_TIMEx_BreakCallback  stm32l4xx_hal_tim_ex.o
    0x08001fe8   0x08001fe8   0x00000002   Code   RO         3825    i.HAL_TIMEx_CommutCallback  stm32l4xx_hal_tim_ex.o
    0x08001fea   0x08001fea   0x00000002   PAD
    0x08001fec   0x08001fec   0x0000006c   Code   RO         3844    i.HAL_TIMEx_MasterConfigSynchronization  stm32l4xx_hal_tim_ex.o
    0x08002058   0x08002058   0x00000036   Code   RO         3138    i.HAL_TIM_Base_Init  stm32l4xx_hal_tim.o
    0x0800208e   0x0800208e   0x00000002   PAD
    0x08002090   0x08002090   0x0000003c   Code   RO          628    i.HAL_TIM_Base_MspInit  stm32l4xx_hal_msp.o
    0x080020cc   0x080020cc   0x0000002c   Code   RO         3143    i.HAL_TIM_Base_Start_IT  stm32l4xx_hal_tim.o
    0x080020f8   0x080020f8   0x000000dc   Code   RO         3147    i.HAL_TIM_ConfigClockSource  stm32l4xx_hal_tim.o
    0x080021d4   0x080021d4   0x00000002   Code   RO         3167    i.HAL_TIM_IC_CaptureCallback  stm32l4xx_hal_tim.o
    0x080021d6   0x080021d6   0x00000184   Code   RO         3181    i.HAL_TIM_IRQHandler  stm32l4xx_hal_tim.o
    0x0800235a   0x0800235a   0x00000002   Code   RO         3184    i.HAL_TIM_OC_DelayElapsedCallback  stm32l4xx_hal_tim.o
    0x0800235c   0x0800235c   0x00000002   Code   RO         3211    i.HAL_TIM_PWM_PulseFinishedCallback  stm32l4xx_hal_tim.o
    0x0800235e   0x0800235e   0x00000002   PAD
    0x08002360   0x08002360   0x00000094   Code   RO          281    i.HAL_TIM_PeriodElapsedCallback  main.o
    0x080023f4   0x080023f4   0x00000002   Code   RO         3224    i.HAL_TIM_TriggerCallback  stm32l4xx_hal_tim.o
    0x080023f6   0x080023f6   0x00000002   Code   RO         4473    i.HAL_UARTEx_WakeupCallback  stm32l4xx_hal_uart_ex.o
    0x080023f8   0x080023f8   0x00000002   Code   RO         4116    i.HAL_UART_ErrorCallback  stm32l4xx_hal_uart.o
    0x080023fa   0x080023fa   0x00000002   PAD
    0x080023fc   0x080023fc   0x00000160   Code   RO         4119    i.HAL_UART_IRQHandler  stm32l4xx_hal_uart.o
    0x0800255c   0x0800255c   0x00000066   Code   RO         4120    i.HAL_UART_Init     stm32l4xx_hal_uart.o
    0x080025c2   0x080025c2   0x00000002   PAD
    0x080025c4   0x080025c4   0x00000074   Code   RO          630    i.HAL_UART_MspInit  stm32l4xx_hal_msp.o
    0x08002638   0x08002638   0x000000b6   Code   RO         4129    i.HAL_UART_Transmit  stm32l4xx_hal_uart.o
    0x080026ee   0x080026ee   0x00000002   Code   RO         4132    i.HAL_UART_TxCpltCallback  stm32l4xx_hal_uart.o
    0x080026f0   0x080026f0   0x00000002   Code   RO          531    i.HardFault_Handler  stm32l4xx_it.o
    0x080026f2   0x080026f2   0x0000000c   Code   RO          723    i.LL_ADC_GetOffsetChannel  stm32l4xx_hal_adc.o
    0x080026fe   0x080026fe   0x00000008   Code   RO          724    i.LL_ADC_INJ_IsConversionOngoing  stm32l4xx_hal_adc.o
    0x08002706   0x08002706   0x00000008   Code   RO          725    i.LL_ADC_REG_IsConversionOngoing  stm32l4xx_hal_adc.o
    0x0800270e   0x0800270e   0x00000010   Code   RO          726    i.LL_ADC_REG_IsTriggerSourceSWStart  stm32l4xx_hal_adc.o
    0x0800271e   0x0800271e   0x0000001e   Code   RO          728    i.LL_ADC_SetChannelSamplingTime  stm32l4xx_hal_adc.o
    0x0800273c   0x0800273c   0x00000010   Code   RO          729    i.LL_ADC_SetOffsetState  stm32l4xx_hal_adc.o
    0x0800274c   0x0800274c   0x0000006c   Code   RO          282    i.MX_ADC1_Init      main.o
    0x080027b8   0x080027b8   0x00000058   Code   RO          283    i.MX_TIM15_Init     main.o
    0x08002810   0x08002810   0x0000002c   Code   RO          284    i.MX_USART2_UART_Init  main.o
    0x0800283c   0x0800283c   0x0000000c   Code   RO          469    i.MX_X_CUBE_AI_Init  app_x-cube-ai.o
    0x08002848   0x08002848   0x0000008c   Code   RO          470    i.MX_X_CUBE_AI_Process  app_x-cube-ai.o
    0x080028d4   0x080028d4   0x00000002   Code   RO          532    i.MemManage_Handler  stm32l4xx_it.o
    0x080028d6   0x080028d6   0x00000002   Code   RO          533    i.NMI_Handler       stm32l4xx_it.o
    0x080028d8   0x080028d8   0x00000002   Code   RO          534    i.PendSV_Handler    stm32l4xx_it.o
    0x080028da   0x080028da   0x00000002   PAD
    0x080028dc   0x080028dc   0x0000012c   Code   RO         1948    i.RCCEx_PLLSAI1_Config  stm32l4xx_hal_rcc_ex.o
    0x08002a08   0x08002a08   0x0000007c   Code   RO         1834    i.RCC_SetFlashLatencyFromMSIRange  stm32l4xx_hal_rcc.o
    0x08002a84   0x08002a84   0x00000002   Code   RO          535    i.SVC_Handler       stm32l4xx_it.o
    0x08002a86   0x08002a86   0x00000004   Code   RO          536    i.SysTick_Handler   stm32l4xx_it.o
    0x08002a8a   0x08002a8a   0x00000096   Code   RO          285    i.SystemClock_Config  main.o
    0x08002b20   0x08002b20   0x00000044   Code   RO         4533    i.SystemInit        system_stm32l4xx.o
    0x08002b64   0x08002b64   0x0000000c   Code   RO          537    i.TIM1_BRK_TIM15_IRQHandler  stm32l4xx_it.o
    0x08002b70   0x08002b70   0x0000006c   Code   RO         3226    i.TIM_Base_SetConfig  stm32l4xx_hal_tim.o
    0x08002bdc   0x08002bdc   0x00000014   Code   RO         3237    i.TIM_ETR_SetConfig  stm32l4xx_hal_tim.o
    0x08002bf0   0x08002bf0   0x00000010   Code   RO         3238    i.TIM_ITRx_SetConfig  stm32l4xx_hal_tim.o
    0x08002c00   0x08002c00   0x00000022   Code   RO         3246    i.TIM_TI1_ConfigInputStage  stm32l4xx_hal_tim.o
    0x08002c22   0x08002c22   0x00000024   Code   RO         3248    i.TIM_TI2_ConfigInputStage  stm32l4xx_hal_tim.o
    0x08002c46   0x08002c46   0x000000c8   Code   RO         4134    i.UART_AdvFeatureConfig  stm32l4xx_hal_uart.o
    0x08002d0e   0x08002d0e   0x00000058   Code   RO         4135    i.UART_CheckIdleState  stm32l4xx_hal_uart.o
    0x08002d66   0x08002d66   0x00000014   Code   RO         4136    i.UART_DMAAbortOnError  stm32l4xx_hal_uart.o
    0x08002d7a   0x08002d7a   0x0000001e   Code   RO         4146    i.UART_EndRxTransfer  stm32l4xx_hal_uart.o
    0x08002d98   0x08002d98   0x00000228   Code   RO         4150    i.UART_SetConfig    stm32l4xx_hal_uart.o
    0x08002fc0   0x08002fc0   0x000000a4   Code   RO         4153    i.UART_WaitOnFlagUntilTimeout  stm32l4xx_hal_uart.o
    0x08003064   0x08003064   0x0000000c   Code   RO          538    i.USART2_IRQHandler  stm32l4xx_it.o
    0x08003070   0x08003070   0x00000002   Code   RO          539    i.UsageFault_Handler  stm32l4xx_it.o
    0x08003072   0x08003072   0x00000002   PAD
    0x08003074   0x08003074   0x00000028   Code   RO         5201    i.__0sprintf$2      mc_w.l(printf2.o)
    0x0800309c   0x0800309c   0x00000026   Code   RO         5405    i.__ARM_fpclassifyf  m_wm.l(fpclassifyf.o)
    0x080030c2   0x080030c2   0x00000020   Code   RO         2841    i.__NVIC_SetPriority  stm32l4xx_hal_cortex.o
    0x080030e2   0x080030e2   0x00000002   PAD
    0x080030e4   0x080030e4   0x000001e8   Code   RO         5005    i.__hardfp_expf     m_wm.l(expf.o)
    0x080032cc   0x080032cc   0x00000006   Code   RO         5408    i.__mathlib_flt_infnan  m_wm.l(funder.o)
    0x080032d2   0x080032d2   0x00000002   PAD
    0x080032d4   0x080032d4   0x00000010   Code   RO         5411    i.__mathlib_flt_overflow  m_wm.l(funder.o)
    0x080032e4   0x080032e4   0x00000010   Code   RO         5413    i.__mathlib_flt_underflow  m_wm.l(funder.o)
    0x080032f4   0x080032f4   0x0000000e   Code   RO         5500    i.__scatterload_copy  mc_w.l(handlers.o)
    0x08003302   0x08003302   0x00000002   Code   RO         5501    i.__scatterload_null  mc_w.l(handlers.o)
    0x08003304   0x08003304   0x0000000e   Code   RO         5502    i.__scatterload_zeroinit  mc_w.l(handlers.o)
    0x08003312   0x08003312   0x00000002   PAD
    0x08003314   0x08003314   0x0000000c   Code   RO         5468    i.__set_errno       mc_w.l(errno.o)
    0x08003320   0x08003320   0x00000214   Code   RO         4569    i._platform_network_io_bind  NetworkRuntime500_CM4_Keil.lib(ai_platform_interface.o)
    0x08003534   0x08003534   0x00000038   Code   RO         4570    i._platform_network_state_setup  NetworkRuntime500_CM4_Keil.lib(ai_platform_interface.o)
    0x0800356c   0x0800356c   0x00000068   Code   RO         4571    i._platform_network_state_update_input  NetworkRuntime500_CM4_Keil.lib(ai_platform_interface.o)
    0x080035d4   0x080035d4   0x00000080   Code   RO         4572    i._platform_network_state_update_output  NetworkRuntime500_CM4_Keil.lib(ai_platform_interface.o)
    0x08003654   0x08003654   0x000000dc   Code   RO         5206    i._printf_core      mc_w.l(printf2.o)
    0x08003730   0x08003730   0x0000000a   Code   RO         5208    i._sputc            mc_w.l(printf2.o)
    0x0800373a   0x0800373a   0x00000002   PAD
    0x0800373c   0x0800373c   0x0000005c   Code   RO          471    i.aiInit            app_x-cube-ai.o
    0x08003798   0x08003798   0x00000044   Code   RO          472    i.aiRun             app_x-cube-ai.o
    0x080037dc   0x080037dc   0x0000003e   Code   RO         4802    i.ai_array_get_byte_size  NetworkRuntime500_CM4_Keil.lib(ai_datatypes_format.o)
    0x0800381a   0x0800381a   0x00000002   PAD
    0x0800381c   0x0800381c   0x000000e8   Code   RO         4805    i.ai_array_to_buffer_fmt  NetworkRuntime500_CM4_Keil.lib(ai_datatypes_format.o)
    0x08003904   0x08003904   0x0000002c   Code   RO         4865    i.ai_check_custom_types  NetworkRuntime500_CM4_Keil.lib(layers.o)
    0x08003930   0x08003930   0x0000012c   Code   RO         4614    i.ai_dict4_dot_array_f32  NetworkRuntime500_CM4_Keil.lib(layers_conv2d_generic_float.o)
    0x08003a5c   0x08003a5c   0x000000e8   Code   RO         4615    i.ai_dict8_dot_array_f32  NetworkRuntime500_CM4_Keil.lib(layers_conv2d_generic_float.o)
    0x08003b44   0x08003b44   0x00000012   Code   RO         4866    i.ai_forward_layer  NetworkRuntime500_CM4_Keil.lib(layers.o)
    0x08003b56   0x08003b56   0x00000018   Code   RO         4869    i.ai_layers_forward_all  NetworkRuntime500_CM4_Keil.lib(layers.o)
    0x08003b6e   0x08003b6e   0x00000002   PAD
    0x08003b70   0x08003b70   0x00000018   Code   RO           10    i.ai_network_create  network.o
    0x08003b88   0x08003b88   0x00000008   Code   RO          257    i.ai_network_data_weights_get  network_data.o
    0x08003b90   0x08003b90   0x00000004   Code   RO           11    i.ai_network_destroy  network.o
    0x08003b94   0x08003b94   0x00000004   Code   RO           13    i.ai_network_get_error  network.o
    0x08003b98   0x08003b98   0x00000058   Code   RO           15    i.ai_network_init   network.o
    0x08003bf0   0x08003bf0   0x00000004   Code   RO           16    i.ai_network_run    network.o
    0x08003bf4   0x08003bf4   0x0000001c   Code   RO         4575    i.ai_platform_context_acquire  NetworkRuntime500_CM4_Keil.lib(ai_platform_interface.o)
    0x08003c10   0x08003c10   0x00000070   Code   RO         4578    i.ai_platform_network_create  NetworkRuntime500_CM4_Keil.lib(ai_platform_interface.o)
    0x08003c80   0x08003c80   0x00000012   Code   RO         4579    i.ai_platform_network_destroy  NetworkRuntime500_CM4_Keil.lib(ai_platform_interface.o)
    0x08003c92   0x08003c92   0x00000002   PAD
    0x08003c94   0x08003c94   0x0000001c   Code   RO         4580    i.ai_platform_network_get_error  NetworkRuntime500_CM4_Keil.lib(ai_platform_interface.o)
    0x08003cb0   0x08003cb0   0x0000007e   Code   RO         4581    i.ai_platform_network_init  NetworkRuntime500_CM4_Keil.lib(ai_platform_interface.o)
    0x08003d2e   0x08003d2e   0x00000056   Code   RO         4582    i.ai_platform_network_process  NetworkRuntime500_CM4_Keil.lib(ai_platform_interface.o)
    0x08003d84   0x08003d84   0x0000000c   Code   RO         4583    i.ai_platform_network_set_error  NetworkRuntime500_CM4_Keil.lib(ai_platform_interface.o)
    0x08003d90   0x08003d90   0x0000001a   Code   RO         4648    i.ai_shape_get_size  NetworkRuntime500_CM4_Keil.lib(layers_nl_generic_float.o)
    0x08003daa   0x08003daa   0x0000000c   Code   RO         4877    i.core_get_error    NetworkRuntime500_CM4_Keil.lib(core_common.o)
    0x08003db6   0x08003db6   0x00000004   Code   RO         4878    i.core_init         NetworkRuntime500_CM4_Keil.lib(core_common.o)
    0x08003dba   0x08003dba   0x0000001a   Code   RO         4879    i.core_set_error    NetworkRuntime500_CM4_Keil.lib(core_common.o)
    0x08003dd4   0x08003dd4   0x000001d6   Code   RO         4623    i.forward_dense     NetworkRuntime500_CM4_Keil.lib(layers_conv2d_generic_float.o)
    0x08003faa   0x08003faa   0x0000009a   Code   RO         4670    i.forward_relu      NetworkRuntime500_CM4_Keil.lib(layers_nl_generic_float.o)
    0x08004044   0x08004044   0x0000006c   Code   RO         4679    i.forward_sm        NetworkRuntime500_CM4_Keil.lib(layers_nl_generic_float.o)
    0x080040b0   0x080040b0   0x00000140   Code   RO          286    i.main              main.o
    0x080041f0   0x080041f0   0x0000008c   Code   RO           17    i.network_configure_weights  network.o
    0x0800427c   0x0800427c   0x00000040   Code   RO         4706    i.nl_func_relu_array_f32  NetworkRuntime500_CM4_Keil.lib(layers_nl_generic_float.o)
    0x080042bc   0x080042bc   0x000000c0   Code   RO         4707    i.nl_func_relu_generic_array_f32  NetworkRuntime500_CM4_Keil.lib(layers_nl_generic_float.o)
    0x0800437c   0x0800437c   0x00000044   Code   RO         4708    i.nl_func_relu_thresholded_array_f32  NetworkRuntime500_CM4_Keil.lib(layers_nl_generic_float.o)
    0x080043c0   0x080043c0   0x0000004c   Code   RO         4716    i.nl_func_sm_array_f32  NetworkRuntime500_CM4_Keil.lib(layers_nl_generic_float.o)
    0x0800440c   0x0800440c   0x00000090   Code   RO         4717    i.nl_func_sm_channel_f32  NetworkRuntime500_CM4_Keil.lib(layers_nl_generic_float.o)
    0x0800449c   0x0800449c   0x00000008   Data   RO           22    .constdata          network.o
    0x080044a4   0x080044a4   0x00000008   Data   RO           23    .constdata          network.o
    0x080044ac   0x080044ac   0x00000008   Data   RO           24    .constdata          network.o
    0x080044b4   0x080044b4   0x00000008   Data   RO           25    .constdata          network.o
    0x080044bc   0x080044bc   0x00000008   Data   RO           26    .constdata          network.o
    0x080044c4   0x080044c4   0x00000008   Data   RO           27    .constdata          network.o
    0x080044cc   0x080044cc   0x00001a24   Data   RO          258    .constdata          network_data.o
    0x08005ef0   0x08005ef0   0x00000004   Data   RO          288    .constdata          main.o
    0x08005ef4   0x08005ef4   0x0000031c   Data   RO          474    .constdata          app_x-cube-ai.o
    0x08006210   0x08006210   0x00000040   Data   RO         4534    .constdata          system_stm32l4xx.o
    0x08006250   0x08006250   0x00000008   Data   RO         4535    .constdata          system_stm32l4xx.o
    0x08006258   0x08006258   0x00000020   Data   RO         4586    .constdata          NetworkRuntime500_CM4_Keil.lib(ai_platform_interface.o)
    0x08006278   0x08006278   0x00000030   Data   RO         5008    .constdata          m_wm.l(expf.o)
    0x080062a8   0x080062a8   0x00000020   Data   RO         5498    Region$$Table       anon$$obj.o


    Execution Region RW_IRAM1 (Exec base: 0x20000000, Load base: 0x080062c8, Size: 0x00005078, Max: 0x00010000, ABSOLUTE, COMPRESSED[0x00000224])

    Exec Addr    Load Addr    Size         Type   Attr      Idx    E Section Name        Object

    0x20000000   COMPRESSED   0x00000010   Data   RW           30    .data               network.o
    0x20000010   COMPRESSED   0x00000010   Data   RW           31    .data               network.o
    0x20000020   COMPRESSED   0x00000010   Data   RW           32    .data               network.o
    0x20000030   COMPRESSED   0x00000010   Data   RW           33    .data               network.o
    0x20000040   COMPRESSED   0x00000010   Data   RW           34    .data               network.o
    0x20000050   COMPRESSED   0x00000010   Data   RW           35    .data               network.o
    0x20000060   COMPRESSED   0x00000010   Data   RW           36    .data               network.o
    0x20000070   COMPRESSED   0x00000010   Data   RW           37    .data               network.o
    0x20000080   COMPRESSED   0x00000010   Data   RW           38    .data               network.o
    0x20000090   COMPRESSED   0x00000010   Data   RW           39    .data               network.o
    0x200000a0   COMPRESSED   0x00000010   Data   RW           40    .data               network.o
    0x200000b0   COMPRESSED   0x00000010   Data   RW           41    .data               network.o
    0x200000c0   COMPRESSED   0x00000010   Data   RW           42    .data               network.o
    0x200000d0   COMPRESSED   0x00000010   Data   RW           43    .data               network.o
    0x200000e0   COMPRESSED   0x00000010   Data   RW           44    .data               network.o
    0x200000f0   COMPRESSED   0x00000010   Data   RW           45    .data               network.o
    0x20000100   COMPRESSED   0x00000010   Data   RW           46    .data               network.o
    0x20000110   COMPRESSED   0x00000010   Data   RW           47    .data               network.o
    0x20000120   COMPRESSED   0x00000010   Data   RW           48    .data               network.o
    0x20000130   COMPRESSED   0x00000010   Data   RW           49    .data               network.o
    0x20000140   COMPRESSED   0x00000010   Data   RW           50    .data               network.o
    0x20000150   COMPRESSED   0x00000010   Data   RW           51    .data               network.o
    0x20000160   COMPRESSED   0x00000010   Data   RW           52    .data               network.o
    0x20000170   COMPRESSED   0x00000010   Data   RW           53    .data               network.o
    0x20000180   COMPRESSED   0x00000010   Data   RW           54    .data               network.o
    0x20000190   COMPRESSED   0x00000010   Data   RW           55    .data               network.o
    0x200001a0   COMPRESSED   0x00000004   Data   RW           56    .data               network.o
    0x200001a4   COMPRESSED   0x00000004   Data   RW           57    .data               network.o
    0x200001a8   COMPRESSED   0x00000008   Data   RW           58    .data               network.o
    0x200001b0   COMPRESSED   0x00000004   Data   RW           59    .data               network.o
    0x200001b4   COMPRESSED   0x00000030   Data   RW           60    .data               network.o
    0x200001e4   COMPRESSED   0x00000004   Data   RW           61    .data               network.o
    0x200001e8   COMPRESSED   0x00000004   Data   RW           62    .data               network.o
    0x200001ec   COMPRESSED   0x00000004   Data   RW           63    .data               network.o
    0x200001f0   COMPRESSED   0x00000004   Data   RW           64    .data               network.o
    0x200001f4   COMPRESSED   0x00000030   Data   RW           65    .data               network.o
    0x20000224   COMPRESSED   0x00000004   Data   RW           66    .data               network.o
    0x20000228   COMPRESSED   0x00000004   Data   RW           67    .data               network.o
    0x2000022c   COMPRESSED   0x00000008   Data   RW           68    .data               network.o
    0x20000234   COMPRESSED   0x00000004   Data   RW           69    .data               network.o
    0x20000238   COMPRESSED   0x00000030   Data   RW           70    .data               network.o
    0x20000268   COMPRESSED   0x00000004   Data   RW           71    .data               network.o
    0x2000026c   COMPRESSED   0x00000004   Data   RW           72    .data               network.o
    0x20000270   COMPRESSED   0x00000004   Data   RW           73    .data               network.o
    0x20000274   COMPRESSED   0x00000004   Data   RW           74    .data               network.o
    0x20000278   COMPRESSED   0x00000030   Data   RW           75    .data               network.o
    0x200002a8   COMPRESSED   0x00000004   Data   RW           76    .data               network.o
    0x200002ac   COMPRESSED   0x00000004   Data   RW           77    .data               network.o
    0x200002b0   COMPRESSED   0x00000008   Data   RW           78    .data               network.o
    0x200002b8   COMPRESSED   0x00000004   Data   RW           79    .data               network.o
    0x200002bc   COMPRESSED   0x00000030   Data   RW           80    .data               network.o
    0x200002ec   COMPRESSED   0x00000004   Data   RW           81    .data               network.o
    0x200002f0   COMPRESSED   0x00000004   Data   RW           82    .data               network.o
    0x200002f4   COMPRESSED   0x00000004   Data   RW           83    .data               network.o
    0x200002f8   COMPRESSED   0x00000004   Data   RW           84    .data               network.o
    0x200002fc   COMPRESSED   0x00000030   Data   RW           85    .data               network.o
    0x2000032c   COMPRESSED   0x00000004   Data   RW           86    .data               network.o
    0x20000330   COMPRESSED   0x00000008   Data   RW           87    .data               network.o
    0x20000338   COMPRESSED   0x0000000c   Data   RW           88    .data               network.o
    0x20000344   COMPRESSED   0x00000004   Data   RW           89    .data               network.o
    0x20000348   COMPRESSED   0x00000008   Data   RW           90    .data               network.o
    0x20000350   COMPRESSED   0x0000000c   Data   RW           91    .data               network.o
    0x2000035c   COMPRESSED   0x00000018   Data   RW           92    .data               network.o
    0x20000374   COMPRESSED   0x00000128   Data   RW           93    .data               network.o
    0x2000049c   COMPRESSED   0x0000001c   Data   RW           94    .data               network.o
    0x200004b8   COMPRESSED   0x0000001c   Data   RW           95    .data               network.o
    0x200004d4   COMPRESSED   0x0000001c   Data   RW           96    .data               network.o
    0x200004f0   COMPRESSED   0x0000001c   Data   RW           97    .data               network.o
    0x2000050c   COMPRESSED   0x0000001c   Data   RW           98    .data               network.o
    0x20000528   COMPRESSED   0x0000001c   Data   RW           99    .data               network.o
    0x20000544   COMPRESSED   0x0000001c   Data   RW          100    .data               network.o
    0x20000560   COMPRESSED   0x0000001c   Data   RW          101    .data               network.o
    0x2000057c   COMPRESSED   0x0000001c   Data   RW          102    .data               network.o
    0x20000598   COMPRESSED   0x0000001c   Data   RW          103    .data               network.o
    0x200005b4   COMPRESSED   0x0000001c   Data   RW          104    .data               network.o
    0x200005d0   COMPRESSED   0x0000001c   Data   RW          105    .data               network.o
    0x200005ec   COMPRESSED   0x0000001c   Data   RW          106    .data               network.o
    0x20000608   COMPRESSED   0x00000018   Data   RW          107    .data               network.o
    0x20000620   COMPRESSED   0x0000001c   Data   RW          108    .data               network.o
    0x2000063c   COMPRESSED   0x00000018   Data   RW          109    .data               network.o
    0x20000654   COMPRESSED   0x0000001c   Data   RW          110    .data               network.o
    0x20000670   COMPRESSED   0x00000018   Data   RW          111    .data               network.o
    0x20000688   COMPRESSED   0x0000001c   Data   RW          112    .data               network.o
    0x200006a4   COMPRESSED   0x00000010   Data   RW          289    .data               main.o
    0x200006b4   COMPRESSED   0x00000034   Data   RW          475    .data               app_x-cube-ai.o
    0x200006e8   COMPRESSED   0x0000000c   Data   RW         1131    .data               stm32l4xx_hal.o
    0x200006f4   COMPRESSED   0x00000004   Data   RW         4536    .data               system_stm32l4xx.o
    0x200006f8   COMPRESSED   0x00000004   Data   RW         5469    .data               mc_w.l(errno.o)
    0x200006fc        -       0x00000018   Zero   RW           18    .bss                network.o
    0x20000714        -       0x00000010   Zero   RW           19    .bss                network.o
    0x20000724        -       0x00000018   Zero   RW           20    .bss                network.o
    0x2000073c        -       0x00000010   Zero   RW           21    .bss                network.o
    0x2000074c        -       0x00000498   Zero   RW          287    .bss                main.o
    0x20000be4        -       0x00000490   Zero   RW          473    .bss                app_x-cube-ai.o
    0x20001074   COMPRESSED   0x00000004   PAD
    0x20001078        -       0x00004000   Zero   RW            1    STACK               startup_stm32l432xx.o


==============================================================================

Image component sizes


      Code (inc. data)   RO Data    RW Data    ZI Data      Debug   Object Name

       312         42        796         52       1168      11713   app_x-cube-ai.o
       860        156          4         16       1176     689041   main.o
       264         14         48       1700         80      46811   network.o
         8          4       6692          0          0       8774   network_data.o
        36          8        396          0      16384        828   startup_stm32l432xx.o
       126         20          0         12          0       3561   stm32l4xx_hal.o
      2836        102          0          0          0      67957   stm32l4xx_hal_adc.o
        10          0          0          0          0       3393   stm32l4xx_hal_adc_ex.o
       198         14          0          0          0      33887   stm32l4xx_hal_cortex.o
       116          4          0          0          0       1139   stm32l4xx_hal_crc.o
        78          0          0          0          0       1247   stm32l4xx_hal_crc_ex.o
        78          0          0          0          0       1067   stm32l4xx_hal_dma.o
       428         20          0          0          0       2428   stm32l4xx_hal_gpio.o
       368         46          0          0          0       3428   stm32l4xx_hal_msp.o
       120         20          0          0          0       1346   stm32l4xx_hal_pwr_ex.o
      2036         98          0          0          0       6932   stm32l4xx_hal_rcc.o
       950         32          0          0          0       2868   stm32l4xx_hal_rcc_ex.o
       928         24          0          0          0       9869   stm32l4xx_hal_tim.o
       114         10          0          0          0       3012   stm32l4xx_hal_tim_ex.o
      1694         60          0          0          0      10034   stm32l4xx_hal_uart.o
         2          0          0          0          0        984   stm32l4xx_hal_uart_ex.o
        56         18          0          0          0       5368   stm32l4xx_it.o
        68         12         72          4          0       1181   system_stm32l4xx.o

    ----------------------------------------------------------------------
     11714        704       8040       1784      18812     916868   Object Totals
         0          0         32          0          0          0   (incl. Generated)
        28          0          0          0          4          0   (incl. Padding)

    ----------------------------------------------------------------------

      Code (inc. data)   RO Data    RW Data    ZI Data      Debug   Library Member Name

       294         34          0          0          0        244   ai_datatypes_format.o
      1286         42         32          0          0       1532   ai_platform_interface.o
        42          0          0          0          0        348   core_common.o
        86          6          0          0          0        372   layers.o
      1002         14          0          0          0        408   layers_conv2d_generic_float.o
       832         24          0          0          0       1048   layers_nl_generic_float.o
       488         62         48          0          0        236   expf.o
        38          0          0          0          0        116   fpclassifyf.o
        38         12          0          0          0        348   funder.o
        86          0          0          0          0          0   __dczerorl2.o
         0          0          0          0          0          0   entry.o
         0          0          0          0          0          0   entry10a.o
         0          0          0          0          0          0   entry11a.o
         8          4          0          0          0          0   entry2.o
         4          0          0          0          0          0   entry5.o
         0          0          0          0          0          0   entry7b.o
         0          0          0          0          0          0   entry8b.o
         8          4          0          0          0          0   entry9a.o
        12          6          0          4          0         68   errno.o
        30          0          0          0          0          0   handlers.o
        36          8          0          0          0         68   init.o
         0          0          0          0          0          0   iusefp.o
        30          0          0          0          0         68   llshl.o
        32          0          0          0          0         68   llushr.o
        26          0          0          0          0         80   memcmp.o
        36          0          0          0          0         68   memcpya.o
        36          0          0          0          0        108   memseta.o
       270          6          0          0          0        244   printf2.o
        14          0          0          0          0         68   strlen.o
       104          0          0          0          0         92   uldiv.o
        56          0          0          0          0         88   d2f.o
       222          0          0          0          0        100   ddiv.o
       186          0          0          0          0        176   depilogue.o
        26          0          0          0          0         76   dfltui.o
       110          0          0          0          0        168   fepilogue.o

    ----------------------------------------------------------------------
      5454        222         80          4          0       6192   Library Totals
        16          0          0          0          0          0   (incl. Padding)

    ----------------------------------------------------------------------

      Code (inc. data)   RO Data    RW Data    ZI Data      Debug   Library Name

      3542        120         32          0          0       3952   NetworkRuntime500_CM4_Keil.lib
       564         74         48          0          0        700   m_wm.l
       732         28          0          4          0        932   mc_w.l
       600          0          0          0          0        608   mf_w.l

    ----------------------------------------------------------------------
      5454        222         80          4          0       6192   Library Totals

    ----------------------------------------------------------------------

==============================================================================


      Code (inc. data)   RO Data    RW Data    ZI Data      Debug   

     17168        926       8120       1788      18812     909016   Grand Totals
     17168        926       8120        548      18812     909016   ELF Image Totals (compressed)
     17168        926       8120        548          0          0   ROM Totals

==============================================================================

    Total RO  Size (Code + RO Data)                25288 (  24.70kB)
    Total RW  Size (RW Data + ZI Data)             20600 (  20.12kB)
    Total ROM Size (Code + RO Data + RW Data)      25836 (  25.23kB)

==============================================================================

